[    0.000000] Initializing cgroup subsys cpuset
[    0.000000] Initializing cgroup subsys cpu
[    0.000000] Initializing cgroup subsys cpuacct
[    0.000000] Linux version 4.4.0-174-generic (buildd@lcy01-amd64-020) (gcc version 5.4.0 20160609 (Ubuntu 5.4.0-6ubuntu1~16.04.12) ) #204-Ubuntu SMP Wed Jan 29 06:41:58 UTC 2020 (Ubuntu 4.4.0-174.204-generic 4.4.211)
[    0.000000] KERNEL supported cpus:
[    0.000000]   Intel GenuineIntel
[    0.000000]   AMD AuthenticAMD
[    0.000000]   NSC Geode by NSC
[    0.000000]   Cyrix CyrixInstead
[    0.000000]   Centaur CentaurHauls
[    0.000000]   Transmeta GenuineTMx86
[    0.000000]   Transmeta TransmetaCPU
[    0.000000]   UMC UMC UMC UMC
[    0.000000] x86/fpu: xstate_offset[2]:  576, xstate_sizes[2]:  256
[    0.000000] x86/fpu: Supporting XSAVE feature 0x01: 'x87 floating point registers'
[    0.000000] x86/fpu: Supporting XSAVE feature 0x02: 'SSE registers'
[    0.000000] x86/fpu: Supporting XSAVE feature 0x04: 'AVX registers'
[    0.000000] x86/fpu: Enabled xstate features 0x7, context size is 832 bytes, using 'standard' format.
[    0.000000] e820: BIOS-provided physical RAM map:
[    0.000000] BIOS-e820: [mem 0x0000000000000000-0x000000000009fbff] usable
[    0.000000] BIOS-e820: [mem 0x000000000009fc00-0x000000000009ffff] reserved
[    0.000000] BIOS-e820: [mem 0x00000000000f0000-0x00000000000fffff] reserved
[    0.000000] BIOS-e820: [mem 0x0000000000100000-0x000000003ffeffff] usable
[    0.000000] BIOS-e820: [mem 0x000000003fff0000-0x000000003fffffff] ACPI data
[    0.000000] BIOS-e820: [mem 0x00000000fec00000-0x00000000fec00fff] reserved
[    0.000000] BIOS-e820: [mem 0x00000000fee00000-0x00000000fee00fff] reserved
[    0.000000] BIOS-e820: [mem 0x00000000fffc0000-0x00000000ffffffff] reserved
[    0.000000] NX (Execute Disable) protection: active
[    0.000000] SMBIOS 2.5 present.
[    0.000000] Hypervisor detected: KVM
[    0.000000] e820: last_pfn = 0x3fff0 max_arch_pfn = 0x1000000
[    0.000000] MTRR: Disabled
[    0.000000] x86/PAT: MTRRs disabled, skipping PAT initialization too.
[    0.000000] CPU MTRRs all blank - virtualized system.
[    0.000000] x86/PAT: Configuration [0-7]: WB  WT  UC- UC  WB  WT  UC- UC  
[    0.000000] found SMP MP-table at [mem 0x0009fff0-0x0009ffff] mapped at [c009fff0]
[    0.000000] Scanning 1 areas for low memory corruption
[    0.000000] RAMDISK: [mem 0x363aa000-0x371ccfff]
[    0.000000] ACPI: Early table checksum verification disabled
[    0.000000] ACPI: RSDP 0x00000000000E0000 000024 (v02 VBOX  )
[    0.000000] ACPI: XSDT 0x000000003FFF0030 00003C (v01 VBOX   VBOXXSDT 00000001 ASL  00000061)
[    0.000000] ACPI: FACP 0x000000003FFF00F0 0000F4 (v04 VBOX   VBOXFACP 00000001 ASL  00000061)
[    0.000000] ACPI: DSDT 0x000000003FFF0470 002325 (v02 VBOX   VBOXBIOS 00000002 INTL 20100528)
[    0.000000] ACPI: FACS 0x000000003FFF0200 000040
[    0.000000] ACPI: FACS 0x000000003FFF0200 000040
[    0.000000] ACPI: APIC 0x000000003FFF0240 00005C (v02 VBOX   VBOXAPIC 00000001 ASL  00000061)
[    0.000000] ACPI: SSDT 0x000000003FFF02A0 0001CC (v01 VBOX   VBOXCPUT 00000002 INTL 20100528)
[    0.000000] 131MB HIGHMEM available.
[    0.000000] 891MB LOWMEM available.
[    0.000000]   mapped low ram: 0 - 37bfe000
[    0.000000]   low ram: 0 - 37bfe000
[    0.000000] kvm-clock: Using msrs 4b564d01 and 4b564d00
[    0.000000] kvm-clock: cpu 0, msr 0:37bfd001, primary cpu clock
[    0.000000] kvm-clock: using sched offset of 4749419407 cycles
[    0.000000] clocksource: kvm-clock: mask: 0xffffffffffffffff max_cycles: 0x1cd42e4dffb, max_idle_ns: 881590591483 ns
[    0.000000] Zone ranges:
[    0.000000]   DMA      [mem 0x0000000000001000-0x0000000000ffffff]
[    0.000000]   Normal   [mem 0x0000000001000000-0x0000000037bfdfff]
[    0.000000]   HighMem  [mem 0x0000000037bfe000-0x000000003ffeffff]
[    0.000000] Movable zone start for each node
[    0.000000] Early memory node ranges
[    0.000000]   node   0: [mem 0x0000000000001000-0x000000000009efff]
[    0.000000]   node   0: [mem 0x0000000000100000-0x000000003ffeffff]
[    0.000000] Initmem setup node 0 [mem 0x0000000000001000-0x000000003ffeffff]
[    0.000000] Using APIC driver default
[    0.000000] ACPI: PM-Timer IO Port: 0x4008
[    0.000000] IOAPIC[0]: apic_id 2, version 32, address 0xfec00000, GSI 0-23
[    0.000000] ACPI: INT_SRC_OVR (bus 0 bus_irq 0 global_irq 2 dfl dfl)
[    0.000000] ACPI: INT_SRC_OVR (bus 0 bus_irq 9 global_irq 9 low level)
[    0.000000] Using ACPI (MADT) for SMP configuration information
[    0.000000] smpboot: Allowing 2 CPUs, 0 hotplug CPUs
[    0.000000] PM: Registered nosave memory: [mem 0x00000000-0x00000fff]
[    0.000000] PM: Registered nosave memory: [mem 0x0009f000-0x0009ffff]
[    0.000000] PM: Registered nosave memory: [mem 0x000a0000-0x000effff]
[    0.000000] PM: Registered nosave memory: [mem 0x000f0000-0x000fffff]
[    0.000000] e820: [mem 0x40000000-0xfebfffff] available for PCI devices
[    0.000000] Booting paravirtualized kernel on KVM
[    0.000000] clocksource: refined-jiffies: mask: 0xffffffff max_cycles: 0xffffffff, max_idle_ns: 7645519600211568 ns
[    0.000000] setup_percpu: NR_CPUS:8 nr_cpumask_bits:8 nr_cpu_ids:2 nr_node_ids:1
[    0.000000] PERCPU: Embedded 18 pages/cpu @f6386000 s43276 r0 d30452 u73728
[    0.000000] Built 1 zonelists in Zone order, mobility grouping on.  Total pages: 259800
[    0.000000] Kernel command line: BOOT_IMAGE=/boot/vmlinuz-4.4.0-174-generic root=LABEL=cloudimg-rootfs ro console=tty1 console=ttyS0
[    0.000000] PID hash table entries: 4096 (order: 2, 16384 bytes)
[    0.000000] Dentry cache hash table entries: 131072 (order: 7, 524288 bytes)
[    0.000000] Inode-cache hash table entries: 65536 (order: 6, 262144 bytes)
[    0.000000] Initializing CPU#0
[    0.000000] Initializing HighMem for node 0 (00037bfe:0003fff0)
[    0.000000] Initializing Movable for node 0 (00000000:00000000)
[    0.000000] Memory: 1008240K/1048120K available (8137K kernel code, 790K rwdata, 3208K rodata, 936K init, 788K bss, 39880K reserved, 0K cma-reserved, 135112K highmem)
[    0.000000] virtual kernel memory layout:
[    0.000000]     fixmap  : 0xfff15000 - 0xfffff000   ( 936 kB)
[    0.000000]     pkmap   : 0xffc00000 - 0xffe00000   (2048 kB)
[    0.000000]     vmalloc : 0xf83fe000 - 0xffbfe000   ( 120 MB)
[    0.000000]     lowmem  : 0xc0000000 - 0xf7bfe000   ( 891 MB)
[    0.000000]       .init : 0xc1bdd000 - 0xc1cc7000   ( 936 kB)
[    0.000000]       .data : 0xc17f2a48 - 0xc1bdb980   (4003 kB)
[    0.000000]       .text : 0xc1000000 - 0xc17f2a48   (8138 kB)
[    0.000000] Checking if this processor honours the WP bit even in supervisor mode...Ok.
[    0.000000] SLUB: HWalign=64, Order=0-3, MinObjects=0, CPUs=2, Nodes=1
[    0.000000] Hierarchical RCU implementation.
[    0.000000] 	Build-time adjustment of leaf fanout to 32.
[    0.000000] 	RCU restricting CPUs from NR_CPUS=8 to nr_cpu_ids=2.
[    0.000000] RCU: Adjusting geometry for rcu_fanout_leaf=32, nr_cpu_ids=2
[    0.000000] NR_IRQS:2304 nr_irqs:440 16
[    0.000000] Console: colour VGA+ 80x25
[    0.000000] console [tty1] enabled
[    0.000000] console [ttyS0] enabled
[    0.000000] allocated 1048576 bytes of page_ext
[    0.000000] tsc: Detected 1800.000 MHz processor
[    0.380432] Calibrating delay loop (skipped) preset value.. 3600.00 BogoMIPS (lpj=7200000)
[    0.382531] pid_max: default: 32768 minimum: 301
[    0.383710] ACPI: Core revision 20150930
[    0.387254] ACPI: 2 ACPI AML tables successfully acquired and loaded
[    0.389113] Security Framework initialized
[    0.390147] Yama: becoming mindful.
[    0.391262] AppArmor: AppArmor initialized
[    0.392361] Mount-cache hash table entries: 2048 (order: 1, 8192 bytes)
[    0.394011] Mountpoint-cache hash table entries: 2048 (order: 1, 8192 bytes)
[    0.396683] Initializing cgroup subsys io
[    0.397812] Initializing cgroup subsys memory
[    0.398882] Initializing cgroup subsys devices
[    0.399995] Initializing cgroup subsys freezer
[    0.401093] Initializing cgroup subsys net_cls
[    0.402194] Initializing cgroup subsys perf_event
[    0.403569] Initializing cgroup subsys net_prio
[    0.404889] Initializing cgroup subsys hugetlb
[    0.406126] Initializing cgroup subsys pids
[    0.411838] mce: CPU supports 0 MCE banks
[    0.413294] Last level iTLB entries: 4KB 64, 2MB 8, 4MB 8
[    0.415216] Last level dTLB entries: 4KB 64, 2MB 0, 4MB 0, 1GB 4
[    0.417112] Spectre V1 : Mitigation: usercopy/swapgs barriers and __user pointer sanitization
[    0.419967] Spectre V2 : Mitigation: Full generic retpoline
[    0.421738] Spectre V2 : Spectre v2 / SpectreRSB mitigation: Filling RSB on context switch
[    0.424526] Speculative Store Bypass: Vulnerable
[    0.426150] MDS: Vulnerable: Clear CPU buffers attempted, no microcode
[    0.435700] Freeing SMP alternatives memory: 36K
[    0.452773] ftrace: allocating 31590 entries in 62 pages
[    0.618670] smpboot: APIC(0) Converting physical 0 to logical package 0
[    0.622284] smpboot: Max logical packages: 1
[    0.624939] Enabling APIC mode:  Flat.  Using 1 I/O APICs
[    0.631245] ..TIMER: vector=0x30 apic1=0 pin1=2 apic2=-1 pin2=-1
[    0.742802] smpboot: CPU0: Intel(R) Core(TM) i5-8250U CPU @ 1.60GHz (family: 0x6, model: 0x8e, stepping: 0xa)
[    0.748718] Performance Events: unsupported p6 CPU model 142 no PMU driver, software events only.
[    0.775904] KVM setup paravirtual spinlock
[    0.779953] x86: Booting SMP configuration:
[    0.782377] .... node  #0, CPUs:      #1
[1266874884.960132] Initializing CPU#1
[    0.786244] kvm-clock: cpu 1, msr 0:37bfd041, secondary cpu clock
[    0.793897] mce: CPU supports 0 MCE banks
[    0.797401] x86: Booted up 1 node, 2 CPUs
[    0.800495] smpboot: Total of 2 processors activated (7200.00 BogoMIPS)
[    0.805266] devtmpfs: initialized
[    0.807830] evm: security.selinux
[    0.810030] evm: security.SMACK64
[    0.812186] evm: security.SMACK64EXEC
[    0.814501] evm: security.SMACK64TRANSMUTE
[    0.816990] evm: security.SMACK64MMAP
[    0.819419] evm: security.ima
[    0.821389] evm: security.capability
[    0.824291] clocksource: jiffies: mask: 0xffffffff max_cycles: 0xffffffff, max_idle_ns: 7645041785100000 ns
[    0.829942] futex hash table entries: 512 (order: 3, 32768 bytes)
[    0.833454] pinctrl core: initialized pinctrl subsystem
[    0.836103] RTC time:  0:05:46, date: 06/09/20
[    0.838576] NET: Registered protocol family 16
[    0.840545] EISA bus registered
[    0.852514] cpuidle: using governor ladder
[    0.865005] cpuidle: using governor menu
[    0.868400] PCCT header not found.
[    0.871439] ACPI: bus type PCI registered
[    0.874366] acpiphp: ACPI Hot Plug PCI Controller Driver version: 0.5
[    0.879307] PCI : PCI BIOS area is rw and x. Use pci=nobios if you want it NX.
[    0.883984] PCI: PCI BIOS revision 2.10 entry at 0xfda26, last bus=0
[    0.887531] PCI: Using configuration type 1 for base access
[    0.906083] ACPI: Added _OSI(Module Device)
[    0.908082] ACPI: Added _OSI(Processor Device)
[    0.910631] ACPI: Added _OSI(3.0 _SCP Extensions)
[    0.912873] ACPI: Added _OSI(Processor Aggregator Device)
[    0.918596] ACPI: Executed 1 blocks of module-level executable AML code
[    0.929003] ACPI: Interpreter enabled
[    0.931833] ACPI: (supports S0 S5)
[    0.933934] ACPI: Using IOAPIC for interrupt routing
[    0.937346] PCI: Using host bridge windows from ACPI; if necessary, use "pci=nocrs" and report a bug
[    0.981828] ACPI: PCI Root Bridge [PCI0] (domain 0000 [bus 00-ff])
[    0.985244] acpi PNP0A03:00: _OSC: OS supports [ASPM ClockPM Segments MSI]
[    0.989830] acpi PNP0A03:00: _OSC: not requesting OS control; OS requires [ExtendedConfig ASPM ClockPM MSI]
[    0.995483] acpi PNP0A03:00: fail to add MMCONFIG information, can't access extended PCI configuration space under this bridge.
[    1.002519] PCI host bridge to bus 0000:00
[    1.005285] pci_bus 0000:00: root bus resource [io  0x0000-0x0cf7 window]
[    1.009006] pci_bus 0000:00: root bus resource [io  0x0d00-0xffff window]
[    1.012552] pci_bus 0000:00: root bus resource [mem 0x000a0000-0x000bffff window]
[    1.016989] pci_bus 0000:00: root bus resource [mem 0x40000000-0xfdffffff window]
[    1.021575] pci_bus 0000:00: root bus resource [bus 00-ff]
[    1.029175] pci 0000:00:01.1: legacy IDE quirk: reg 0x10: [io  0x01f0-0x01f7]
[    1.032915] pci 0000:00:01.1: legacy IDE quirk: reg 0x14: [io  0x03f6]
[    1.036725] pci 0000:00:01.1: legacy IDE quirk: reg 0x18: [io  0x0170-0x0177]
[    1.040384] pci 0000:00:01.1: legacy IDE quirk: reg 0x1c: [io  0x0376]
[    1.071571] pci 0000:00:07.0: quirk: [io  0x4000-0x403f] claimed by PIIX4 ACPI
[    1.075967] pci 0000:00:07.0: quirk: [io  0x4100-0x410f] claimed by PIIX4 SMB
[    1.090447] ACPI: PCI Interrupt Link [LNKA] (IRQs 5 9 10 *11)
[    1.095327] ACPI: PCI Interrupt Link [LNKB] (IRQs 5 9 *10 11)
[    1.099938] ACPI: PCI Interrupt Link [LNKC] (IRQs 5 *9 10 11)
[    1.104182] ACPI: PCI Interrupt Link [LNKD] (IRQs 5 9 10 *11)
[    1.107484] ACPI: Enabled 2 GPEs in block 00 to 07
[    1.110783] vgaarb: setting as boot device: PCI:0000:00:02.0
[    1.112537] vgaarb: device added: PCI:0000:00:02.0,decodes=io+mem,owns=io+mem,locks=none
[    1.116112] vgaarb: loaded
[    1.117550] vgaarb: bridge control possible 0000:00:02.0
[    1.120103] SCSI subsystem initialized
[    1.121768] ACPI: bus type USB registered
[    1.122951] usbcore: registered new interface driver usbfs
[    1.124202] usbcore: registered new interface driver hub
[    1.125451] usbcore: registered new device driver usb
[    1.127029] PCI: Using ACPI for IRQ routing
[    1.128379] NetLabel: Initializing
[    1.129341] NetLabel:  domain hash size = 128
[    1.130394] NetLabel:  protocols = UNLABELED CIPSOv4
[    1.131449] NetLabel:  unlabeled traffic allowed by default
[    1.132868] amd_nb: Cannot enumerate AMD northbridges
[    1.134000] clocksource: Switched to clocksource kvm-clock
[    1.149317] AppArmor: AppArmor Filesystem Enabled
[    1.151860] pnp: PnP ACPI init
[    1.156294] pnp: PnP ACPI: found 3 devices
[    1.158789] PnPBIOS: Disabled by ACPI PNP
[    1.222104] clocksource: acpi_pm: mask: 0xffffff max_cycles: 0xffffff, max_idle_ns: 2085701024 ns
[    1.225833] NET: Registered protocol family 2
[    1.228208] TCP established hash table entries: 8192 (order: 3, 32768 bytes)
[    1.230655] TCP bind hash table entries: 8192 (order: 4, 65536 bytes)
[    1.232985] TCP: Hash tables configured (established 8192 bind 8192)
[    1.235236] UDP hash table entries: 512 (order: 2, 16384 bytes)
[    1.237345] UDP-Lite hash table entries: 512 (order: 2, 16384 bytes)
[    1.239651] NET: Registered protocol family 1
[    1.241279] pci 0000:00:00.0: Limiting direct PCI/PCI transfers
[    1.243384] pci 0000:00:01.0: Activating ISA DMA hang workarounds
[    1.245783] Unpacking initramfs...
[    1.831742] Freeing initrd memory: 14476K
[    1.834470] clocksource: tsc: mask: 0xffffffffffffffff max_cycles: 0x19f2297dd97, max_idle_ns: 440795236593 ns
[    1.840578] platform rtc_cmos: registered platform RTC device (no PNP device found)
[    1.845586] Scanning for low memory corruption every 60 seconds
[    1.850162] audit: initializing netlink subsys (disabled)
[    1.853352] audit: type=2000 audit(1591661153.007:1): initialized
[    1.857254] Initialise system trusted keyring
[    1.860695] HugeTLB registered 2 MB page size, pre-allocated 0 pages
[    1.867028] zbud: loaded
[    1.869405] VFS: Disk quotas dquot_6.6.0
[    1.872010] VFS: Dquot-cache hash table entries: 1024 (order 0, 4096 bytes)
[    1.876165] squashfs: version 4.0 (2009/01/31) Phillip Lougher
[    1.880296] fuse init (API version 7.23)
[    1.883309] Key type big_key registered
[    1.885792] Allocating IMA MOK and blacklist keyrings.
[    1.894712] Key type asymmetric registered
[    1.897308] Asymmetric key parser 'x509' registered
[    1.900209] bounce: pool size: 64 pages
[    1.902667] Block layer SCSI generic (bsg) driver version 0.4 loaded (major 249)
[    1.907506] io scheduler noop registered
[    1.909940] io scheduler deadline registered (default)
[    1.913456] io scheduler cfq registered
[    1.916098] pci_hotplug: PCI Hot Plug PCI Core version: 0.5
[    1.919346] pciehp: PCI Express Hot Plug Controller Driver version: 0.4
[    1.923154] ACPI: AC Adapter [AC] (off-line)
[    1.926049] input: Power Button as /devices/LNXSYSTM:00/LNXPWRBN:00/input/input0
[    1.930636] ACPI: Power Button [PWRF]
[    1.933090] input: Sleep Button as /devices/LNXSYSTM:00/LNXSLPBN:00/input/input1
[    1.937866] ACPI: Sleep Button [SLPF]
[    1.942309] GHES: HEST is not enabled!
[    1.942539] ACPI: Battery Slot [BAT0] (battery present)
[    1.947815] isapnp: Scanning for PnP cards...
[    1.950292] Serial: 8250/16550 driver, 32 ports, IRQ sharing enabled
[    1.974482] 00:02: ttyS0 at I/O 0x3f8 (irq = 4, base_baud = 115200) is a 16550A
[    1.980868] Linux agpgart interface v0.103
[    1.992435] loop: module loaded
[    1.995856] scsi host0: ata_piix
[    1.997941] scsi host1: ata_piix
[    1.999634] ata1: PATA max UDMA/33 cmd 0x1f0 ctl 0x3f6 bmdma 0xd000 irq 14
[    2.002581] ata2: PATA max UDMA/33 cmd 0x170 ctl 0x376 bmdma 0xd008 irq 15
[    2.005753] libphy: Fixed MDIO Bus: probed
[    2.008227] tun: Universal TUN/TAP device driver, 1.6
[    2.010649] tun: (C) 1999-2004 Max Krasnyansky <maxk@qualcomm.com>
[    2.013371] PPP generic driver version 2.4.2
[    2.015583] ehci_hcd: USB 2.0 'Enhanced' Host Controller (EHCI) Driver
[    2.018431] ehci-pci: EHCI PCI platform driver
[    2.020738] ehci-platform: EHCI generic platform driver
[    2.023216] ohci_hcd: USB 1.1 'Open' Host Controller (OHCI) Driver
[    2.025889] ohci-pci: OHCI PCI platform driver
[    2.028198] ohci-platform: OHCI generic platform driver
[    2.030650] uhci_hcd: USB Universal Host Controller Interface driver
[    2.033546] i8042: PNP: PS/2 Controller [PNP0303:PS2K,PNP0f03:PS2M] at 0x60,0x64 irq 1,12
[    2.039245] serio: i8042 KBD port at 0x60,0x64 irq 1
[    2.042128] serio: i8042 AUX port at 0x60,0x64 irq 12
[    2.045185] mousedev: PS/2 mouse device common for all mice
[    2.049475] rtc_cmos rtc_cmos: rtc core: registered rtc_cmos as rtc0
[    2.053242] input: AT Translated Set 2 keyboard as /devices/platform/i8042/serio0/input/input2
[    2.058362] rtc_cmos rtc_cmos: alarms up to one day, 114 bytes nvram
[    2.061699] i2c /dev entries driver
[    2.064290] device-mapper: uevent: version 1.0.3
[    2.067049] device-mapper: ioctl: 4.34.0-ioctl (2015-10-28) initialised: dm-devel@redhat.com
[    2.071936] platform eisa.0: Probing EISA bus 0
[    2.074672] platform eisa.0: EISA: Cannot allocate resource for mainboard
[    2.078303] platform eisa.0: Cannot allocate resource for EISA slot 1
[    2.081727] platform eisa.0: Cannot allocate resource for EISA slot 2
[    2.085249] platform eisa.0: Cannot allocate resource for EISA slot 3
[    2.088739] platform eisa.0: Cannot allocate resource for EISA slot 4
[    2.092234] platform eisa.0: Cannot allocate resource for EISA slot 5
[    2.095694] platform eisa.0: Cannot allocate resource for EISA slot 6
[    2.099166] platform eisa.0: Cannot allocate resource for EISA slot 7
[    2.102626] platform eisa.0: Cannot allocate resource for EISA slot 8
[    2.106212] platform eisa.0: EISA: Detected 0 cards
[    2.108962] cpufreq-nforce2: No nForce2 chipset.
[    2.111652] ledtrig-cpu: registered to indicate activity on CPUs
[    2.115251] NET: Registered protocol family 10
[    2.117592] NET: Registered protocol family 17
[    2.119583] Key type dns_resolver registered
[    2.122133] Using IPI No-Shortcut mode
[    2.124393] registered taskstats version 1
[    2.126437] Loading compiled-in X.509 certificates
[    2.132422] Loaded X.509 cert 'Build time autogenerated kernel key: be81aa7ad6ffc56923860824b9940369d50b34e9'
[    2.137076] zswap: loaded using pool lzo/zbud
[    2.143837] Key type trusted registered
[    2.151698] Key type encrypted registered
[    2.153881] AppArmor: AppArmor sha1 policy hashing enabled
[    2.156401] ima: No TPM chip found, activating TPM-bypass!
[    2.159299] ima: Allocated hash algorithm: sha1
[    2.162030] evm: HMAC attrs: 0x1
[    2.178928]   Magic number: 8:185:51
[    2.181356] rtc_cmos rtc_cmos: setting system clock to 2020-06-09 00:05:47 UTC (1591661147)
[    2.187083] BIOS EDD facility v0.16 2004-Jun-25, 0 devices found
[    2.190393] EDD information not available.
[    2.321519] isapnp: No Plug & Play device found
[    2.324880] Freeing unused kernel memory: 936K
[    2.834296] Write protecting the kernel text: 8140k
[    2.838371] Write protecting the kernel read-only data: 3212k
[    2.842813] NX-protecting the kernel data: 6196k
Loading, please wait...
starting version 229
[    2.886947] random: systemd-udevd: uninitialized urandom read (16 bytes read, 4 bits of entropy available)
[    2.888531] random: udevadm: uninitialized urandom read (16 bytes read, 4 bits of entropy available)
[    2.897904] random: systemd-udevd: uninitialized urandom read (16 bytes read, 4 bits of entropy available)
[    2.903469] random: systemd-udevd: uninitialized urandom read (16 bytes read, 4 bits of entropy available)
[    2.918921] random: udevadm: uninitialized urandom read (16 bytes read, 4 bits of entropy available)
[    2.920756] random: systemd-udevd: uninitialized urandom read (16 bytes read, 4 bits of entropy available)
[    2.959792] random: udevadm: uninitialized urandom read (16 bytes read, 4 bits of entropy available)
[    2.965575] random: udevadm: uninitialized urandom read (16 bytes read, 4 bits of entropy available)
[    2.970940] random: udevadm: uninitialized urandom read (16 bytes read, 4 bits of entropy available)
[    2.976135] random: udevadm: uninitialized urandom read (16 bytes read, 4 bits of entropy available)
[    3.081509] Fusion MPT base driver 3.04.20
[    3.084219] Copyright (c) 1999-2008 LSI Corporation
[    3.090881] e1000: Intel(R) PRO/1000 Network Driver - version 7.3.21-k8-NAPI
[    3.094810] e1000: Copyright (c) 1999-2006 Intel Corporation.
[    3.173014] Fusion MPT SPI Host driver 3.04.20
[    3.332962] input: ImExPS/2 Generic Explorer Mouse as /devices/platform/i8042/serio1/input/input4
[    3.623436] e1000 0000:00:03.0 eth0: (PCI:33MHz:32-bit) 02:54:08:c4:9d:58
[    3.627170] e1000 0000:00:03.0 eth0: Intel(R) PRO/1000 Network Connection
[    3.632636] mptbase: ioc0: Initiating bringup
[    3.634507] e1000 0000:00:03.0 enp0s3: renamed from eth0
[    3.707477] ioc0: LSI53C1030 A0: Capabilities={Initiator}
[    3.881170] scsi host2: ioc0: LSI53C1030 A0, FwRev=00000000h, Ports=1, MaxQ=256, IRQ=20
[    3.998817] scsi 2:0:0:0: Direct-Access     VBOX     HARDDISK         1.0  PQ: 0 ANSI: 5
[    4.002712] scsi target2:0:0: Beginning Domain Validation
[    4.008322] scsi target2:0:0: Domain Validation skipping write tests
[    4.011707] scsi target2:0:0: Ending Domain Validation
[    4.013653] scsi target2:0:0: asynchronous
[    4.016396] scsi 2:0:1:0: Direct-Access     VBOX     HARDDISK         1.0  PQ: 0 ANSI: 5
[    4.018973] scsi target2:0:1: Beginning Domain Validation
[    4.024615] scsi target2:0:1: Domain Validation skipping write tests
[    4.027585] scsi target2:0:1: Ending Domain Validation
[    4.030836] scsi target2:0:1: asynchronous
[    4.053522] sd 2:0:0:0: Attached scsi generic sg0 type 0
[    4.057030] sd 2:0:0:0: [sda] 20971520 512-byte logical blocks: (10.7 GB/10.0 GiB)
[    4.061428] sd 2:0:1:0: [sdb] 20480 512-byte logical blocks: (10.5 MB/10.0 MiB)
[    4.064879] sd 2:0:0:0: [sda] Write Protect is off
[    4.064977] sd 2:0:1:0: Attached scsi generic sg1 type 0
[    4.065008] sd 2:0:1:0: [sdb] Write Protect is off
[    4.065171] sd 2:0:1:0: [sdb] Incomplete mode parameter data
[    4.065173] sd 2:0:1:0: [sdb] Assuming drive cache: write through
[    4.068693] sd 2:0:1:0: [sdb] Attached SCSI disk
[    4.075973] sd 2:0:0:0: [sda] Incomplete mode parameter data
[    4.077496] sd 2:0:0:0: [sda] Assuming drive cache: write through
[    4.081829]  sda: sda1
[    4.084178] sd 2:0:0:0: [sda] Attached SCSI disk
Begin: Loading essential drivers ... [    6.102019] md: linear personality registered for level -1
[    6.114401] md: multipath personality registered for level -4
[    6.126763] md: raid0 personality registered for level 0
[    6.143893] md: raid1 personality registered for level 1
[    6.230213] raid6: mmxx1    gen()  2707 MB/s
[    6.298527] raid6: mmxx2    gen()  2774 MB/s
[    6.366089] raid6: sse1x1   gen()  2344 MB/s
[    6.434208] raid6: sse1x2   gen()  2778 MB/s
[    6.502505] raid6: sse2x1   gen()  4925 MB/s
[    6.570072] raid6: sse2x1   xor()  3481 MB/s
[    6.638169] raid6: sse2x2   gen()  5844 MB/s
[    6.706482] raid6: sse2x2   xor()  4035 MB/s
[    6.774077] raid6: avx2x1   gen()  9566 MB/s
[    6.842164] raid6: avx2x2   gen() 10800 MB/s
[    6.843482] raid6: using algorithm avx2x2 gen() 10800 MB/s
[    6.845463] raid6: using avx2x1 recovery algorithm
[    6.851289] xor: automatically using best checksumming function:
[    6.890516]    avx       : 15728.000 MB/sec
[    6.897977] async_tx: api initialized (async)
[    6.942814] md: raid6 personality registered for level 6
[    6.945505] md: raid5 personality registered for level 5
[    6.948432] md: raid4 personality registered for level 4
[    6.970852] md: raid10 personality registered for level 10
done.
Begin: Running /scripts/init-premount ... done.
Begin: Mounting root file system ... Begin: Running /scripts/local-top ... done.
Begin: Running /scripts/local-premount ... [    7.070979] Btrfs loaded
Scanning for Btrfs filesystems
done.
Warning: fsck not present, so skipping root file system
[    7.151312] EXT4-fs (sda1): mounted filesystem with ordered data mode. Opts: (null)
done.
Begin: Running /scripts/local-bottom ... done.
Begin: Running /scripts/init-bottom ... done.
[    7.396439] systemd[1]: systemd 229 running in system mode. (+PAM +AUDIT +SELINUX +IMA +APPARMOR +SMACK +SYSVINIT +UTMP +LIBCRYPTSETUP +GCRYPT +GNUTLS +ACL +XZ -LZ4 +SECCOMP +BLKID +ELFUTILS +KMOD -IDN)
[    7.404568] systemd[1]: Detected virtualization oracle.
[    7.407593] systemd[1]: Detected architecture x86.

Welcome to [1mUbuntu 16.04.6 LTS[0m!

[    7.416030] systemd[1]: Set hostname to <ubuntu-xenial>.
[    7.784717] systemd[1]: Listening on Device-mapper event daemon FIFOs.
[[0;32m  OK  [0m] Listening on Device-mapper event daemon FIFOs.
[    7.790575] systemd[1]: Listening on Syslog Socket.
[[0;32m  OK  [0m] Listening on Syslog Socket.
[    7.795269] systemd[1]: Started Trigger resolvconf update for networkd DNS.
[[0;32m  OK  [0m] Started Trigger resolvconf update for networkd DNS.
[    7.801160] systemd[1]: Reached target Swap.
[[0;32m  OK  [0m] Reached target Swap.
[    7.805205] systemd[1]: Listening on udev Kernel Socket.
[[0;32m  OK  [0m] Listening on udev Kernel Socket.
[    7.815094] systemd[1]: Created slice User and Session Slice.
[[0;32m  OK  [0m] Created slice User and Session Slice.
[    7.819484] systemd[1]: Listening on LVM2 metadata daemon socket.
[[0;32m  OK  [0m] Listening on LVM2 metadata daemon socket.
[    7.831175] systemd[1]: Listening on LVM2 poll daemon socket.
[[0;32m  OK  [0m] Listening on LVM2 poll daemon socket.
[    7.836681] systemd[1]: Created slice System Slice.
[[0;32m  OK  [0m] Created slice System Slice.
[    7.840288] systemd[1]: Reached target Encrypted Volumes.
[[0;32m  OK  [0m] Reached target Encrypted Volumes.
[    7.843857] systemd[1]: Reached target Slices.
[[0;32m  OK  [0m] Reached target Slices.
[    7.855572] systemd[1]: Listening on Journal Socket (/dev/log).
[[0;32m  OK  [0m] Listening on Journal Socket (/dev/log).
[    7.860908] systemd[1]: Listening on /dev/initctl Compatibility Named Pipe.
[[0;32m  OK  [0m] Listening on /dev/initctl Compatibility Named Pipe.
[    7.866604] systemd[1]: Reached target User and Group Name Lookups.
[[0;32m  OK  [0m] Reached target User and Group Name Lookups.
[    7.872420] systemd[1]: Listening on Journal Audit Socket.
[[0;32m  OK  [0m] Listening on Journal Audit Socket.
[    7.883208] systemd[1]: Set up automount Arbitrary Executable File Formats File System Automount Point.
[[0;32m  OK  [0m] Set up automount Arbitrary Executab...ats File System Automount Point.
[    7.891223] systemd[1]: Reached target System Time Synchronized.
[[0;32m  OK  [0m] Reached target System Time Synchronized.
[    7.896245] systemd[1]: Listening on Journal Socket.
[[0;32m  OK  [0m] Listening on Journal Socket.
[    7.922894] systemd[1]: Starting Create list of required static device nodes for the current kernel...
         Starting Create list of required st... nodes for the current kernel...
[    7.932256] systemd[1]: Mounting Debug File System...
         Mounting Debug File System...
[    7.939885] systemd[1]: Starting Journal Service...
         Starting Journal Service...
[    7.952798] systemd[1]: Starting Monitoring of LVM2 mirrors, snapshots etc. using dmeventd or progress polling...
         Starting Monitoring of LVM2 mirrors... dmeventd or progress polling...
[    7.967949] systemd[1]: Mounting Huge Pages File System...
         Mounting Huge Pages File System...
[    7.994793] systemd[1]: Starting Load Kernel Modules...
         Starting Load Kernel Modules...
[    7.998389] systemd[1]: Mounting POSIX Message Queue File System...
         Mounting POSIX Message Queue File System...
[    8.001389] systemd[1]: Starting Uncomplicated firewall...
         Starting Uncomplicated firewall...
[    8.004549] systemd[1]: Started Forward Password Requests to Wall Directory Watch.
[[0;32m  OK  [0m] Started Forward Password Requests to Wall Directory Watch.
[    8.013269] Loading iSCSI transport class v2.0-870.
[    8.026787] systemd[1]: Starting Nameserver information manager...

   8.028604] iscsi: registered transport (tcp)
         Starting Nameserver information manager...
[    8.030721] systemd[1]: Listening on udev Control Socket.
[[0;32m  OK  [0m] Listening on udev Control Socket.
[    8.039571] systemd[1]: Created slice system-serial\x2dgetty.slice.
[[0;32m  OK  [0m] Created slice system-serial\x2dgetty.slice.
[    8.043747] systemd[1]: Starting Remount Root and Kernel File Systems...
         Starting Remount Root and Kernel File Systems...
[    8.047177] systemd[1]: Starting Set console keymap...
[    8.048901] EXT4-fs (sda1): re-mounted. Opts: (null)
         Starting Set console keymap...
[    8.054053] systemd[1]: Mounted Debug File System.
[[0;32m  OK  [0m] Mounted Debug File System.
[    8.056184] systemd[1]: Mounted POSIX Message Queue File System.
[[0;32m  OK  [0m] Mounted POSIX Message Queue File System.
[    8.058483] systemd[1]: Mounted Huge Pages File System.
[[0;32m  OK  [0m] Mounted Huge Pages File System.
[    8.067603] systemd[1]: Started Journal Service.
[[0;32m  OK  [0m] Started Journal Service.
[[0;32m  OK  [0m] Started Create list of required sta...ce nodes for the current kernel.
[[0;32m  OK  [0m] Started Uncomplicated firewall.
[[0;32m  OK  [0m] Started Remount Root and Kernel File Systems.
[[0;32m  OK  [0m] Started Nameserver information manager.
[[0;32m  OK  [0m] Started LVM2 metadata daemon.
         Starting Load/Save Random Seed...
         Starting udev Coldplug all Devices...
         Starting Create Static Device Nodes in /dev...
         Starting Flush Journal to Persistent Storage...
[[0;32m  OK  [0m] Started Load/Save Random Seed.
[    8.182441] systemd-journald[381]: Received request to flush runtime journal from PID 1
[    8.188179] iscsi: registered transport (iser)
[[0;32m  OK  [0m] Started Flush Journal to Persistent Storage.[    8.192198] random: nonblocking pool is initialized

[[0;32m  OK  [0m] Started Load Kernel Modules.
         Starting Apply Kernel Variables...
         Mounting FUSE Control File System...
[[0;32m  OK  [0m] Started Create Static Device Nodes in /dev.
[[0;32m  OK  [0m] Mounted FUSE Control File System.
         Starting udev Kernel Device Manager...
[[0;32m  OK  [0m] Started Apply Kernel Variables.
[[0;32m  OK  [0m] Started udev Kernel Device Manager.
[[0;32m  OK  [0m] Started udev Coldplug all Devices.
[[0;32m  OK  [0m] Started Set console keymap.
[[0;32m  OK  [0m] Started Dispatch Password Requests to Console Directory Watch.
[[0;32m  OK  [0m] Started Monitoring of LVM2 mirrors,...ng dmeventd or progress polling.
[[0;32m  OK  [0m] Reached target Local File Systems (Pre).
[[0;32m  OK  [0m] Reached target Local File Systems.
         Starting Initial cloud-init job (pre-networking)...
         Starting LSB: AppArmor initialization...
         Starting Create Volatile Files and Directories...
         Starting Set console font and keymap...
         Starting Tell Plymouth To Write Out Runtime Data...
[[0;32m  OK  [0m] Started Tell Plymouth To Write Out Runtime Data.
[[0;32m  OK  [0m] Started Create Volatile Files and Directories.
         Starting Update UTMP about System Boot/Shutdown...
[[0;32m  OK  [0m] Started Update UTMP about System Boot/Shutdown.
[[0;32m  OK  [0m] Started LSB: AppArmor initialization.
[[0;32m  OK  [0m] Found device /dev/ttyS0.
[[0;32m  OK  [0m] Listening on Load/Save RF Kill Switch Status /dev/rfkill Watch.
[[0;32m  OK  [0m] Found device 82540EM Gigabit Ethern...r (PRO/1000 MT Desktop Adapter).
[[0;32m  OK  [0m] Started Set console font and keymap.
[[0;32m  OK  [0m] Created slice system-getty.slice.
[   10.676681] cloud-init[490]: Cloud-init v. 19.4-33-gbb4131a2-0ubuntu1~16.04.1 running 'init-local' at Tue, 09 Jun 2020 00:05:55 +0000. Up 9.93 seconds.
[[0;32m  OK  [0m] Started Initial cloud-init job (pre-networking).
[[0;32m  OK  [0m] Reached target Network (Pre).
[[0;32m  OK  [0m] Started ifup for enp0s3.
         Starting Raise network interfaces...
[[0;32m  OK  [0m] Started Raise network interfaces.
[[0;32m  OK  [0m] Reached target Network.
         Starting Initial cloud-init job (metadata service crawler)...
[   13.050224] cloud-init[993]: Cloud-init v. 19.4-33-gbb4131a2-0ubuntu1~16.04.1 running 'init' at Tue, 09 Jun 2020 00:05:58 +0000. Up 12.17 seconds.
[   13.053058] cloud-init[993]: ci-info: +++++++++++++++++++++++++++++++++++++Net device info++++++++++++++++++++++++++++++++++++++
[   13.060865] cloud-init[993]: ci-info: +--------+------+---------------------------+---------------+--------+-------------------+
[   13.068862] cloud-init[993]: ci-info: | Device |  Up  |          Address          |      Mask     | Scope  |     Hw-Address    |
[   13.077182] cloud-init[993]: ci-info: +--------+------+---------------------------+---------------+--------+-------------------+
[   13.081775] cloud-init[993]: ci-info: | enp0s3 | True |         10.0.2.15         | 255.255.255.0 | global | 02:54:08:c4:9d:58 |
[   13.088758] cloud-init[993]: ci-info: | enp0s3 | True | fe80::54:8ff:fec4:9d58/64 |       .       |  link  | 02:54:08:c4:9d:58 |
[   13.091052] cloud-init[993]: ci-info: |   lo   | True |         127.0.0.1         |   255.0.0.0   |  host  |         .         |
[   13.093372] cloud-init[993]: ci-info: |   lo   | True |          ::1/128          |       .       |  host  |         .         |
[   13.095924] cloud-init[993]: ci-info: +--------+------+---------------------------+---------------+--------+-------------------+
[   13.098200] cloud-init[993]: ci-info: +++++++++++++++++++++++++++Route IPv4 info++++++++++++++++++++++++++++
[   13.100542] cloud-init[993]: ci-info: +-------+-------------+----------+---------------+-----------+-------+
[   13.102218] cloud-init[993]: ci-info: | Route | Destination | Gateway  |    Genmask    | Interface | Flags |
[   13.108794] cloud-init[993]: ci-info: +-------+-------------+----------+---------------+-----------+-------+
[   13.110968] cloud-init[993]: ci-info: |   0   |   0.0.0.0   | 10.0.2.2 |    0.0.0.0    |   enp0s3  |   UG  |
[   13.112845] cloud-init[993]: ci-info: |   1   |   10.0.2.0  | 0.0.0.0  | 255.255.255.0 |   enp0s3  |   U   |
[   13.114845] cloud-init[993]: ci-info: +-------+-------------+----------+---------------+-----------+-------+
[   13.117408] cloud-init[993]: ci-info: +++++++++++++++++++Route IPv6 info+++++++++++++++++++
[   13.124855] cloud-init[993]: ci-info: +-------+-------------+---------+-----------+-------+
[   13.133074] cloud-init[993]: ci-info: | Route | Destination | Gateway | Interface | Flags |
[   13.134983] cloud-init[993]: ci-info: +-------+-------------+---------+-----------+-------+
[   13.136330] cloud-init[993]: ci-info: |   0   |  fe80::/64  |    ::   |   enp0s3  |   U   |
[   13.137589] cloud-init[993]: ci-info: |   4   |   ff00::/8  |    ::   |   enp0s3  |   U   |
[   13.139116] cloud-init[993]: ci-info: +-------+-------------+---------+-----------+-------+
[[0;32m  OK  [0m] Started Initial cloud-init job (metadata service crawler).
[[0;32m  OK  [0m] Reached target Network is Online.
         Starting iSCSI initiator daemon (iscsid)...
[[0;32m  OK  [0m] Reached target Cloud-config availability.
[[0;32m  OK  [0m] Reached target System Initialization.
[[0;32m  OK  [0m] Listening on UUID daemon activation socket.
         Starting Socket activation for snappy daemon.
[[0;32m  OK  [0m] Started Daily apt download activities.
[[0;32m  OK  [0m] Started ACPI Events Check.
[[0;32m  OK  [0m] Reached target Paths.
[[0;32m  OK  [0m] Listening on ACPID Listen Socket.
[[0;32m  OK  [0m] Started Message of the Day.
         Starting LXD - unix socket.
[[0;32m  OK  [0m] Started Daily apt upgrade and clean activities.
[[0;32m  OK  [0m] Started Daily Cleanup of Temporary Directories.
[[0;32m  OK  [0m] Listening on D-Bus System Message Bus Socket.
[[0;32m  OK  [0m] Reached target Timers.
[[0;32m  OK  [0m] Listening on Socket activation for snappy daemon.
[[0;32m  OK  [0m] Listening on LXD - unix socket.
[[0;32m  OK  [0m] Started iSCSI initiator daemon (iscsid).
         Starting Login to default iSCSI targets...
[[0;32m  OK  [0m] Reached target Sockets.
[[0;32m  OK  [0m] Reached target Basic System.
         Starting LSB: MD monitoring daemon...
         Starting Accounts Service...
         Starting OpenBSD Secure Shell server...
[[0;32m  OK  [0m] Started An object/document-oriented database.
         Starting Login Service...
[[0;32m  OK  [0m] Started FUSE filesystem for LXC.
         Starting Advanced key-value store...
[[0;32m  OK  [0m] Started D-Bus System Message Bus.
         Starting LXD - container startup/shutdown...
[[0;32m  OK  [0m] Started ACPI event daemon.
         Starting System Logging Service...
         Starting Virtualbox guest utils...
         Starting LSB: Record successful boot for GRUB...
         Starting /etc/rc.local Compatibility...
         Starting Snappy daemon...
[[0;32m  OK  [0m] Started Regular background program processing daemon.
[[0;32m  OK  [0m] Started Deferred execution scheduler.
[[0;32m  OK  [0m] Started /etc/rc.local Compatibility.
[[0;32m  OK  [0m] Started OpenBSD Secure Shell server.
[[0;32m  OK  [0m] Started System Logging Service.
[[0;32m  OK  [0m] Started Login Service.
[[0;32m  OK  [0m] Started Unattended Upgrades Shutdown.
         Starting Authenticate and Authorize Users to Run Privileged Tasks...
[[0;32m  OK  [0m] Started Login to default iSCSI targets.
[[0;32m  OK  [0m] Reached target Remote File Systems (Pre).
[[0;32m  OK  [0m] Reached target Remote File Systems.
         Starting LSB: daemon to balance interrupts for SMP systems...
         Starting LSB: automatic crash report generation...
         Starting Permit User Sessions...
         Starting LSB: Set the CPU Frequency Scaling governor to "ondemand"...
[[0;32m  OK  [0m] Started LSB: MD monitoring daemon.
[[0;32m  OK  [0m] Started LSB: Record successful boot for GRUB.
[[0;32m  OK  [0m] Started Permit User Sessions.
         Starting Terminate Plymouth Boot Screen...
         Starting Hold until boot process finishes up...
[[0;32m  OK  [0m] Started Terminate Plymouth Boot Screen.
[[0;32m  OK  [0m] Started Authenticate and Authorize Users to Run Privileged Tasks.
[[0;32m  OK  [0m] Started Hold until boot process finishes up.
[[0;32m  OK  [0m] Started Serial Getty on ttyS0.
[[0;32m  OK  [0m] Started Getty on tty1.
[[0;32m  OK  [0m] Reached target Login Prompts.
         Starting Set console scheme...
[[0;32m  OK  [0m] Started LXD - container startup/shutdown.
[[0;32m  OK  [0m] Started Set console scheme.
[[0;32m  OK  [0m] Started Accounts Service.
[[0;32m  OK  [0m] Started LSB: Set the CPU Frequency Scaling governor to "ondemand".
[[0;32m  OK  [0m] Started Advanced key-value store.
[[0;32m  OK  [0m] Started LSB: automatic crash report generation.
[[0;32m  OK  [0m] Started LSB: daemon to balance interrupts for SMP systems.
[[0;32m  OK  [0m] Started Virtualbox guest utils.
[[0;32m  OK  [0m] Started Snappy daemon.
         Starting Wait until snapd is fully seeded...
[[0;32m  OK  [0m] Created slice User Slice of vagrant.
         Starting User Manager for UID 1000...
[[0;32m  OK  [0m] Started Session 1 of user vagrant.
[[0;32m  OK  [0m] Started Wait until snapd is fully seeded.
         Starting Apply the settings specified in cloud-config...
[[0;32m  OK  [0m] Reached target Multi-User System.
[[0;32m  OK  [0m] Reached target Graphical Interface.
         Starting Update UTMP about System Runlevel Changes...
[[0;32m  OK  [0m] Started Update UTMP about System Runlevel Changes.
[[0;32m  OK  [0m] Started User Manager for UID 1000.
[   15.851251] cloud-init[1300]: Cloud-init v. 19.4-33-gbb4131a2-0ubuntu1~16.04.1 running 'modules:config' at Tue, 09 Jun 2020 00:06:01 +0000. Up 15.48 seconds.
[[0;32m  OK  [0m] Started Apply the settings specified in cloud-config.
         Starting Execute cloud user/final scripts...
[   17.484030] cloud-init[1381]: Cloud-init v. 19.4-33-gbb4131a2-0ubuntu1~16.04.1 running 'modules:final' at Tue, 09 Jun 2020 00:06:02 +0000. Up 17.08 seconds.
[   17.487522] cloud-init[1381]: Cloud-init v. 19.4-33-gbb4131a2-0ubuntu1~16.04.1 finished at Tue, 09 Jun 2020 00:06:03 +0000. Datasource DataSourceNoCloud [seed=/dev/sdb][dsmode=net].  Up 17.45 seconds
[[0;32m  OK  [0m] Started Execute cloud user/final scripts.
[[0;32m  OK  [0m] Reached target Cloud-init target.

Ubuntu 16.04.6 LTS ubuntu-xenial ttyS0

ubuntu-xenial login: 